// Jest Snapshot v1, https://goo.gl/fbAQLP

exports[`CsvParserService should properly parse valid csv 1`] = `
[
  {
    "date": 2022-10-02T22:00:00.000Z,
    "time": 7.933333333333334,
  },
  {
    "date": 2022-10-03T22:00:00.000Z,
    "time": 7.383333333333334,
  },
  {
    "date": 2022-10-04T22:00:00.000Z,
    "time": 7.916666666666667,
  },
  {
    "date": 2022-10-05T22:00:00.000Z,
    "time": 8.8175,
  },
  {
    "date": 2022-10-06T22:00:00.000Z,
    "time": 4.6963888888888885,
  },
  {
    "date": 2022-10-09T22:00:00.000Z,
    "time": 8.655,
  },
  {
    "date": 2022-10-10T22:00:00.000Z,
    "time": 5.633055555555556,
  },
  {
    "date": 2022-10-11T22:00:00.000Z,
    "time": 8.386111111111111,
  },
  {
    "date": 2022-10-12T22:00:00.000Z,
    "time": 7.6675,
  },
  {
    "date": 2022-10-13T22:00:00.000Z,
    "time": 7.371111111111111,
  },
  {
    "date": 2022-10-16T22:00:00.000Z,
    "time": 2,
  },
  {
    "date": 2022-10-17T22:00:00.000Z,
    "time": 9.56638888888889,
  },
  {
    "date": 2022-10-18T22:00:00.000Z,
    "time": 8.058333333333334,
  },
  {
    "date": 2022-10-19T22:00:00.000Z,
    "time": 8.032777777777778,
  },
  {
    "date": 2022-10-20T22:00:00.000Z,
    "time": 6.892222222222222,
  },
  {
    "date": 2022-10-21T22:00:00.000Z,
    "time": 1.1688888888888889,
  },
  {
    "date": 2022-10-23T22:00:00.000Z,
    "time": 8.724444444444444,
  },
  {
    "date": 2022-10-24T22:00:00.000Z,
    "time": 8.165,
  },
  {
    "date": 2022-10-25T22:00:00.000Z,
    "time": 7.833333333333333,
  },
  {
    "date": 2022-10-26T22:00:00.000Z,
    "time": 9.016111111111112,
  },
  {
    "date": 2022-10-27T22:00:00.000Z,
    "time": 10.085555555555555,
  },
  {
    "date": 2022-10-30T23:00:00.000Z,
    "time": 7.8438888888888885,
  },
]
`;
